Archive member included to satisfy reference by file (symbol)

/usr/local/Cellar/gcc-arm-none-eabi/20200630/bin/../lib/gcc/arm-none-eabi/9.3.1/../../../../arm-none-eabi/lib/thumb/v7e-m/nofp/libc_nano.a(lib_a-exit.o)
                              /usr/local/Cellar/gcc-arm-none-eabi/20200630/bin/../lib/gcc/arm-none-eabi/9.3.1/../../../../arm-none-eabi/lib/thumb/v7e-m/nofp/crt0.o (exit)
/usr/local/Cellar/gcc-arm-none-eabi/20200630/bin/../lib/gcc/arm-none-eabi/9.3.1/../../../../arm-none-eabi/lib/thumb/v7e-m/nofp/libc_nano.a(lib_a-impure.o)
                              /usr/local/Cellar/gcc-arm-none-eabi/20200630/bin/../lib/gcc/arm-none-eabi/9.3.1/../../../../arm-none-eabi/lib/thumb/v7e-m/nofp/libc_nano.a(lib_a-exit.o) (_global_impure_ptr)
/usr/local/Cellar/gcc-arm-none-eabi/20200630/bin/../lib/gcc/arm-none-eabi/9.3.1/../../../../arm-none-eabi/lib/thumb/v7e-m/nofp/libc_nano.a(lib_a-init.o)
                              /usr/local/Cellar/gcc-arm-none-eabi/20200630/bin/../lib/gcc/arm-none-eabi/9.3.1/../../../../arm-none-eabi/lib/thumb/v7e-m/nofp/crt0.o (__libc_init_array)
/usr/local/Cellar/gcc-arm-none-eabi/20200630/bin/../lib/gcc/arm-none-eabi/9.3.1/../../../../arm-none-eabi/lib/thumb/v7e-m/nofp/libc_nano.a(lib_a-memset.o)
                              /usr/local/Cellar/gcc-arm-none-eabi/20200630/bin/../lib/gcc/arm-none-eabi/9.3.1/../../../../arm-none-eabi/lib/thumb/v7e-m/nofp/crt0.o (memset)
/usr/local/Cellar/gcc-arm-none-eabi/20200630/bin/../lib/gcc/arm-none-eabi/9.3.1/../../../../arm-none-eabi/lib/thumb/v7e-m/nofp/libnosys.a(_exit.o)
                              /usr/local/Cellar/gcc-arm-none-eabi/20200630/bin/../lib/gcc/arm-none-eabi/9.3.1/../../../../arm-none-eabi/lib/thumb/v7e-m/nofp/libc_nano.a(lib_a-exit.o) (_exit)
/usr/local/Cellar/gcc-arm-none-eabi/20200630/bin/../lib/gcc/arm-none-eabi/9.3.1/thumb/v7e-m/nofp/libgcc.a(_aeabi_uldivmod.o)
                              build/stm32wlxx_hal_uart.o (__aeabi_uldivmod)
/usr/local/Cellar/gcc-arm-none-eabi/20200630/bin/../lib/gcc/arm-none-eabi/9.3.1/thumb/v7e-m/nofp/libgcc.a(_udivmoddi4.o)
                              /usr/local/Cellar/gcc-arm-none-eabi/20200630/bin/../lib/gcc/arm-none-eabi/9.3.1/thumb/v7e-m/nofp/libgcc.a(_aeabi_uldivmod.o) (__udivmoddi4)
/usr/local/Cellar/gcc-arm-none-eabi/20200630/bin/../lib/gcc/arm-none-eabi/9.3.1/thumb/v7e-m/nofp/libgcc.a(_dvmd_tls.o)
                              /usr/local/Cellar/gcc-arm-none-eabi/20200630/bin/../lib/gcc/arm-none-eabi/9.3.1/thumb/v7e-m/nofp/libgcc.a(_aeabi_uldivmod.o) (__aeabi_ldiv0)

Allocating common symbols
Common symbol       size              file

hsubghz             0xc               build/main.o
uwTick              0x4               build/stm32wlxx_hal.o
huart2              0x90              build/main.o

Discarded input sections

 .text          0x0000000000000000        0x0 /usr/local/Cellar/gcc-arm-none-eabi/20200630/bin/../lib/gcc/arm-none-eabi/9.3.1/thumb/v7e-m/nofp/crti.o
 .data          0x0000000000000000        0x0 /usr/local/Cellar/gcc-arm-none-eabi/20200630/bin/../lib/gcc/arm-none-eabi/9.3.1/thumb/v7e-m/nofp/crti.o
 .bss           0x0000000000000000        0x0 /usr/local/Cellar/gcc-arm-none-eabi/20200630/bin/../lib/gcc/arm-none-eabi/9.3.1/thumb/v7e-m/nofp/crti.o
 .data          0x0000000000000000        0x4 /usr/local/Cellar/gcc-arm-none-eabi/20200630/bin/../lib/gcc/arm-none-eabi/9.3.1/thumb/v7e-m/nofp/crtbegin.o
 .text          0x0000000000000000       0x7c /usr/local/Cellar/gcc-arm-none-eabi/20200630/bin/../lib/gcc/arm-none-eabi/9.3.1/../../../../arm-none-eabi/lib/thumb/v7e-m/nofp/crt0.o
 .data          0x0000000000000000        0x0 /usr/local/Cellar/gcc-arm-none-eabi/20200630/bin/../lib/gcc/arm-none-eabi/9.3.1/../../../../arm-none-eabi/lib/thumb/v7e-m/nofp/crt0.o
 .bss           0x0000000000000000        0x0 /usr/local/Cellar/gcc-arm-none-eabi/20200630/bin/../lib/gcc/arm-none-eabi/9.3.1/../../../../arm-none-eabi/lib/thumb/v7e-m/nofp/crt0.o
 .ARM.extab     0x0000000000000000        0x0 /usr/local/Cellar/gcc-arm-none-eabi/20200630/bin/../lib/gcc/arm-none-eabi/9.3.1/../../../../arm-none-eabi/lib/thumb/v7e-m/nofp/crt0.o
 .ARM.exidx     0x0000000000000000       0x10 /usr/local/Cellar/gcc-arm-none-eabi/20200630/bin/../lib/gcc/arm-none-eabi/9.3.1/../../../../arm-none-eabi/lib/thumb/v7e-m/nofp/crt0.o
 .ARM.attributes
                0x0000000000000000       0x1c /usr/local/Cellar/gcc-arm-none-eabi/20200630/bin/../lib/gcc/arm-none-eabi/9.3.1/../../../../arm-none-eabi/lib/thumb/v7e-m/nofp/crt0.o
 .text          0x0000000000000000        0x0 build/main.o
 .data          0x0000000000000000        0x0 build/main.o
 .bss           0x0000000000000000        0x0 build/main.o
 .text          0x0000000000000000        0x0 build/stm32wlxx_it.o
 .data          0x0000000000000000        0x0 build/stm32wlxx_it.o
 .bss           0x0000000000000000        0x0 build/stm32wlxx_it.o
 .text          0x0000000000000000        0x0 build/stm32wlxx_hal_msp.o
[...]
Memory Configuration

Name             Origin             Length             Attributes
ROM              0x0000000008000000 0x0000000000040000 xr
RAM1             0x0000000020000000 0x0000000000008000 xrw
RAM2             0x0000000020008000 0x0000000000008000 xrw
*default*        0x0000000000000000 0xffffffffffffffff

Linker script and memory map

LOAD /usr/local/Cellar/gcc-arm-none-eabi/20200630/bin/../lib/gcc/arm-none-eabi/9.3.1/thumb/v7e-m/nofp/crti.o
LOAD /usr/local/Cellar/gcc-arm-none-eabi/20200630/bin/../lib/gcc/arm-none-eabi/9.3.1/thumb/v7e-m/nofp/crtbegin.o
LOAD /usr/local/Cellar/gcc-arm-none-eabi/20200630/bin/../lib/gcc/arm-none-eabi/9.3.1/../../../../arm-none-eabi/lib/thumb/v7e-m/nofp/crt0.o
LOAD build/main.o
LOAD build/stm32wlxx_it.o
LOAD build/stm32wlxx_hal_msp.o
LOAD build/stm32wlxx_hal_subghz.o
LOAD build/stm32wlxx_hal_rcc.o
LOAD build/stm32wlxx_hal_rcc_ex.o
LOAD build/stm32wlxx_hal_flash.o
LOAD build/stm32wlxx_hal_flash_ex.o
LOAD build/stm32wlxx_hal_gpio.o
LOAD build/stm32wlxx_hal_dma.o
LOAD build/stm32wlxx_hal_dma_ex.o
LOAD build/stm32wlxx_hal_pwr.o
LOAD build/stm32wlxx_hal_pwr_ex.o
LOAD build/stm32wlxx_hal_cortex.o
LOAD build/stm32wlxx_hal.o
LOAD build/stm32wlxx_hal_exti.o
LOAD build/stm32wlxx_hal_tim.o
LOAD build/stm32wlxx_hal_tim_ex.o
LOAD build/stm32wlxx_hal_uart.o
LOAD build/stm32wlxx_hal_uart_ex.o
LOAD build/system_stm32wlxx.o
LOAD build/startup_stm32wle5xx.o
LOAD /usr/local/Cellar/gcc-arm-none-eabi/20200630/bin/../lib/gcc/arm-none-eabi/9.3.1/../../../../arm-none-eabi/lib/thumb/v7e-m/nofp/libc_nano.a
LOAD /usr/local/Cellar/gcc-arm-none-eabi/20200630/bin/../lib/gcc/arm-none-eabi/9.3.1/../../../../arm-none-eabi/lib/thumb/v7e-m/nofp/libm.a
LOAD /usr/local/Cellar/gcc-arm-none-eabi/20200630/bin/../lib/gcc/arm-none-eabi/9.3.1/../../../../arm-none-eabi/lib/thumb/v7e-m/nofp/libnosys.a
START GROUP
LOAD /usr/local/Cellar/gcc-arm-none-eabi/20200630/bin/../lib/gcc/arm-none-eabi/9.3.1/thumb/v7e-m/nofp/libgcc.a
LOAD /usr/local/Cellar/gcc-arm-none-eabi/20200630/bin/../lib/gcc/arm-none-eabi/9.3.1/../../../../arm-none-eabi/lib/thumb/v7e-m/nofp/libc_nano.a
END GROUP
START GROUP
LOAD /usr/local/Cellar/gcc-arm-none-eabi/20200630/bin/../lib/gcc/arm-none-eabi/9.3.1/thumb/v7e-m/nofp/libgcc.a
LOAD /usr/local/Cellar/gcc-arm-none-eabi/20200630/bin/../lib/gcc/arm-none-eabi/9.3.1/../../../../arm-none-eabi/lib/thumb/v7e-m/nofp/libc_nano.a
END GROUP
LOAD /usr/local/Cellar/gcc-arm-none-eabi/20200630/bin/../lib/gcc/arm-none-eabi/9.3.1/thumb/v7e-m/nofp/crtend.o
LOAD /usr/local/Cellar/gcc-arm-none-eabi/20200630/bin/../lib/gcc/arm-none-eabi/9.3.1/thumb/v7e-m/nofp/crtn.o
                0x0000000020008000                _estack = (ORIGIN (RAM1) + LENGTH (RAM1))
                0x0000000000000200                _Min_Heap_Size = 0x200
                0x0000000000000400                _Min_Stack_Size = 0x400

.isr_vector     0x0000000008000000      0x138
                0x0000000008000000                . = ALIGN (0x8)
 *(.isr_vector)
 .isr_vector    0x0000000008000000      0x138 build/startup_stm32wle5xx.o
                0x0000000008000000                g_pfnVectors
                0x0000000008000138                . = ALIGN (0x8)

.text           0x0000000008000138     0x1e60
                0x0000000008000138                . = ALIGN (0x8)
 *(.text)
 .text          0x0000000008000138       0x40 /usr/local/Cellar/gcc-arm-none-eabi/20200630/bin/../lib/gcc/arm-none-eabi/9.3.1/thumb/v7e-m/nofp/crtbegin.o
 .text          0x0000000008000178       0x30 /usr/local/Cellar/gcc-arm-none-eabi/20200630/bin/../lib/gcc/arm-none-eabi/9.3.1/thumb/v7e-m/nofp/libgcc.a(_aeabi_uldivmod.o)
                0x0000000008000178                __aeabi_uldivmod
 .text          0x00000000080001a8      0x2c0 /usr/local/Cellar/gcc-arm-none-eabi/20200630/bin/../lib/gcc/arm-none-eabi/9.3.1/thumb/v7e-m/nofp/libgcc.a(_udivmoddi4.o)
                0x00000000080001a8                __udivmoddi4
 .text          0x0000000008000468        0x4 /usr/local/Cellar/gcc-arm-none-eabi/20200630/bin/../lib/gcc/arm-none-eabi/9.3.1/thumb/v7e-m/nofp/libgcc.a(_dvmd_tls.o)
                0x0000000008000468                __aeabi_ldiv0
                0x0000000008000468                __aeabi_idiv0
 *(.text*)
 .text.MX_GPIO_Init
                0x000000000800046c       0xe4 build/main.o
 .text.Error_Handler
                0x0000000008000550        0x4 build/main.o
                0x0000000008000550                Error_Handler
 .text.MX_SUBGHZ_Init
                0x0000000008000554       0x18 build/main.o
 .text.MX_USART2_UART_Init
                0x000000000800056c       0x60 build/main.o
 .text.SystemClock_Config
                0x00000000080005cc       0x78 build/main.o
                0x00000000080005cc                SystemClock_Config
 .text.main     0x0000000008000644       0x18 build/main.o
                0x0000000008000644                main
 .text.NMI_Handler
                0x000000000800065c        0x2 build/stm32wlxx_it.o
                0x000000000800065c                NMI_Handler
 .text.HardFault_Handler
                0x000000000800065e        0x2 build/stm32wlxx_it.o
                0x000000000800065e                HardFault_Handler
 .text.MemManage_Handler
                0x0000000008000660        0x2 build/stm32wlxx_it.o
                0x0000000008000660                MemManage_Handler
 .text.BusFault_Handler
                0x0000000008000662        0x2 build/stm32wlxx_it.o
                0x0000000008000662                BusFault_Handler
 .text.UsageFault_Handler
                0x0000000008000664        0x2 build/stm32wlxx_it.o
                0x0000000008000664                UsageFault_Handler
 .text.SVC_Handler
                0x0000000008000666        0x2 build/stm32wlxx_it.o
                0x0000000008000666                SVC_Handler
 .text.DebugMon_Handler
                0x0000000008000668        0x2 build/stm32wlxx_it.o
                0x0000000008000668                DebugMon_Handler
 .text.PendSV_Handler
                0x000000000800066a        0x2 build/stm32wlxx_it.o
                0x000000000800066a                PendSV_Handler
 .text.SysTick_Handler
                0x000000000800066c        0x8 build/stm32wlxx_it.o
                0x000000000800066c                SysTick_Handler
 .text.HAL_MspInit
                0x0000000008000674        0x2 build/stm32wlxx_hal_msp.o
                0x0000000008000674                HAL_MspInit
 .text.HAL_SUBGHZ_MspInit
                0x0000000008000676       0x1c build/stm32wlxx_hal_msp.o
                0x0000000008000676                HAL_SUBGHZ_MspInit
 *fill*         0x0000000008000692        0x2 
 .text.HAL_UART_MspInit
                0x0000000008000694       0x88 build/stm32wlxx_hal_msp.o
                0x0000000008000694                HAL_UART_MspInit
 .text.SUBGHZSPI_Init
                0x000000000800071c       0x24 build/stm32wlxx_hal_subghz.o
                0x000000000800071c                SUBGHZSPI_Init
 .text.HAL_SUBGHZ_Init
                0x0000000008000740       0xb8 build/stm32wlxx_hal_subghz.o
                0x0000000008000740                HAL_SUBGHZ_Init
 .text.RCC_SetFlashLatency
                0x00000000080007f8       0xb8 build/stm32wlxx_hal_rcc.o
 .text.RCC_SetFlashLatencyFromMSIRange
                0x00000000080008b0       0x44 build/stm32wlxx_hal_rcc.o
 .text.HAL_RCC_GetSysClockFreq
                0x00000000080008f4      0x110 build/stm32wlxx_hal_rcc.o
                0x00000000080008f4                HAL_RCC_GetSysClockFreq
 .text.HAL_RCC_GetHCLKFreq
                0x0000000008000a04       0x20 build/stm32wlxx_hal_rcc.o
                0x0000000008000a04                HAL_RCC_GetHCLKFreq
 .text.HAL_RCC_OscConfig
                0x0000000008000a24      0x678 build/stm32wlxx_hal_rcc.o
                0x0000000008000a24                HAL_RCC_OscConfig
 .text.HAL_RCC_ClockConfig
                0x000000000800109c      0x224 build/stm32wlxx_hal_rcc.o
                0x000000000800109c                HAL_RCC_ClockConfig
 .text.HAL_RCC_GetPCLK1Freq
                0x00000000080012c0       0x20 build/stm32wlxx_hal_rcc.o
                0x00000000080012c0                HAL_RCC_GetPCLK1Freq
 .text.HAL_RCC_GetPCLK2Freq
                0x00000000080012e0       0x20 build/stm32wlxx_hal_rcc.o
                0x00000000080012e0                HAL_RCC_GetPCLK2Freq
 .text.HAL_RCCEx_PeriphCLKConfig
                0x0000000008001300      0x284 build/stm32wlxx_hal_rcc_ex.o
                0x0000000008001300                HAL_RCCEx_PeriphCLKConfig
 .text.HAL_GPIO_Init
                0x0000000008001584      0x16c build/stm32wlxx_hal_gpio.o
                0x0000000008001584                HAL_GPIO_Init
 .text.HAL_PWR_EnableBkUpAccess
                0x00000000080016f0       0x10 build/stm32wlxx_hal_pwr.o
                0x00000000080016f0                HAL_PWR_EnableBkUpAccess
 .text.HAL_PWREx_GetVoltageRange
                0x0000000008001700       0x10 build/stm32wlxx_hal_pwr_ex.o
                0x0000000008001700                HAL_PWREx_GetVoltageRange
 .text.HAL_NVIC_SetPriorityGrouping
                0x0000000008001710       0x24 build/stm32wlxx_hal_cortex.o
                0x0000000008001710                HAL_NVIC_SetPriorityGrouping
 .text.HAL_NVIC_SetPriority
                0x0000000008001734       0x68 build/stm32wlxx_hal_cortex.o
                0x0000000008001734                HAL_NVIC_SetPriority
 .text.HAL_SYSTICK_Config
                0x000000000800179c       0x2c build/stm32wlxx_hal_cortex.o
                0x000000000800179c                HAL_SYSTICK_Config
 .text.HAL_InitTick
                0x00000000080017c8       0x50 build/stm32wlxx_hal.o
                0x00000000080017c8                HAL_InitTick
 .text.HAL_Init
                0x0000000008001818       0x2c build/stm32wlxx_hal.o
                0x0000000008001818                HAL_Init
 .text.HAL_IncTick
                0x0000000008001844       0x18 build/stm32wlxx_hal.o
                0x0000000008001844                HAL_IncTick
 .text.HAL_GetTick
                0x000000000800185c        0xc build/stm32wlxx_hal.o
                0x000000000800185c                HAL_GetTick
 .text.UART_SetConfig
                0x0000000008001868      0x2d4 build/stm32wlxx_hal_uart.o
                0x0000000008001868                UART_SetConfig
 .text.UART_AdvFeatureConfig
                0x0000000008001b3c       0xca build/stm32wlxx_hal_uart.o
                0x0000000008001b3c                UART_AdvFeatureConfig
 .text.UART_WaitOnFlagUntilTimeout
                0x0000000008001c06       0xac build/stm32wlxx_hal_uart.o
                0x0000000008001c06                UART_WaitOnFlagUntilTimeout
 .text.UART_CheckIdleState
                0x0000000008001cb2       0x74 build/stm32wlxx_hal_uart.o
                0x0000000008001cb2                UART_CheckIdleState
 .text.HAL_UART_Init
                0x0000000008001d26       0x66 build/stm32wlxx_hal_uart.o
                0x0000000008001d26                HAL_UART_Init
 .text.UARTEx_SetNbDataToProcess
                0x0000000008001d8c       0x70 build/stm32wlxx_hal_uart_ex.o
 .text.HAL_UARTEx_DisableFifoMode
                0x0000000008001dfc       0x3e build/stm32wlxx_hal_uart_ex.o
                0x0000000008001dfc                HAL_UARTEx_DisableFifoMode
 .text.HAL_UARTEx_SetTxFifoThreshold
                0x0000000008001e3a       0x4a build/stm32wlxx_hal_uart_ex.o
                0x0000000008001e3a                HAL_UARTEx_SetTxFifoThreshold
 .text.HAL_UARTEx_SetRxFifoThreshold
                0x0000000008001e84       0x4a build/stm32wlxx_hal_uart_ex.o
                0x0000000008001e84                HAL_UARTEx_SetRxFifoThreshold
 .text.SystemInit
                0x0000000008001ece        0x2 build/system_stm32wlxx.o
                0x0000000008001ece                SystemInit
 .text.Reset_Handler
                0x0000000008001ed0       0x50 build/startup_stm32wle5xx.o
                0x0000000008001ed0                Reset_Handler
 .text.Default_Handler
                0x0000000008001f20        0x2 build/startup_stm32wle5xx.o
                0x0000000008001f20                DMA2_Channel3_IRQHandler
                0x0000000008001f20                EXTI2_IRQHandler
                0x0000000008001f20                TIM1_CC_IRQHandler
                0x0000000008001f20                EXTI3_IRQHandler
                0x0000000008001f20                LPTIM2_IRQHandler
                0x0000000008001f20                I2C3_ER_IRQHandler
                0x0000000008001f20                LPTIM3_IRQHandler
                0x0000000008001f20                EXTI0_IRQHandler
                0x0000000008001f20                I2C2_EV_IRQHandler
                0x0000000008001f20                TAMP_STAMP_LSECSS_SSRU_IRQHandler
                0x0000000008001f20                SPI1_IRQHandler
                0x0000000008001f20                DMA2_Channel2_IRQHandler
                0x0000000008001f20                DMA1_Channel4_IRQHandler
                0x0000000008001f20                PKA_IRQHandler
                0x0000000008001f20                TIM17_IRQHandler
                0x0000000008001f20                DMA1_Channel7_IRQHandler
                0x0000000008001f20                SUBGHZSPI_IRQHandler
                0x0000000008001f20                DMA2_Channel1_IRQHandler
                0x0000000008001f20                I2C1_EV_IRQHandler
                0x0000000008001f20                SUBGHZ_Radio_IRQHandler
                0x0000000008001f20                DMAMUX1_OVR_IRQHandler
                0x0000000008001f20                DMA1_Channel6_IRQHandler
                0x0000000008001f20                TIM16_IRQHandler
                0x0000000008001f20                DMA2_Channel4_IRQHandler
                0x0000000008001f20                RCC_IRQHandler
                0x0000000008001f20                TIM1_TRG_COM_IRQHandler
                0x0000000008001f20                DMA1_Channel1_IRQHandler
                0x0000000008001f20                Default_Handler
                0x0000000008001f20                DMA2_Channel7_IRQHandler
                0x0000000008001f20                EXTI15_10_IRQHandler
                0x0000000008001f20                ADC_IRQHandler
                0x0000000008001f20                I2C3_EV_IRQHandler
                0x0000000008001f20                EXTI9_5_IRQHandler
                0x0000000008001f20                RTC_WKUP_IRQHandler
                0x0000000008001f20                PVD_PVM_IRQHandler
                0x0000000008001f20                SPI2_IRQHandler
                0x0000000008001f20                DMA2_Channel5_IRQHandler
                0x0000000008001f20                DMA1_Channel5_IRQHandler
                0x0000000008001f20                EXTI4_IRQHandler
                0x0000000008001f20                RNG_IRQHandler
                0x0000000008001f20                DMA1_Channel3_IRQHandler
                0x0000000008001f20                COMP_IRQHandler
                0x0000000008001f20                HSEM_IRQHandler
                0x0000000008001f20                TIM1_UP_IRQHandler
                0x0000000008001f20                WWDG_IRQHandler
                0x0000000008001f20                LPUART1_IRQHandler
                0x0000000008001f20                DMA2_Channel6_IRQHandler
                0x0000000008001f20                TIM2_IRQHandler
                0x0000000008001f20                TIM1_BRK_IRQHandler
                0x0000000008001f20                DAC_IRQHandler
                0x0000000008001f20                EXTI1_IRQHandler
                0x0000000008001f20                AES_IRQHandler
                0x0000000008001f20                USART2_IRQHandler
                0x0000000008001f20                I2C2_ER_IRQHandler
                0x0000000008001f20                DMA1_Channel2_IRQHandler
                0x0000000008001f20                FLASH_IRQHandler
                0x0000000008001f20                USART1_IRQHandler
                0x0000000008001f20                I2C1_ER_IRQHandler
                0x0000000008001f20                LPTIM1_IRQHandler
                0x0000000008001f20                RTC_Alarm_IRQHandler
 *fill*         0x0000000008001f22        0x2 
 .text.__libc_init_array
                0x0000000008001f24       0x48 /usr/local/Cellar/gcc-arm-none-eabi/20200630/bin/../lib/gcc/arm-none-eabi/9.3.1/../../../../arm-none-eabi/lib/thumb/v7e-m/nofp/libc_nano.a(lib_a-init.o)
                0x0000000008001f24                __libc_init_array
 .text.memset   0x0000000008001f6c       0x10 /usr/local/Cellar/gcc-arm-none-eabi/20200630/bin/../lib/gcc/arm-none-eabi/9.3.1/../../../../arm-none-eabi/lib/thumb/v7e-m/nofp/libc_nano.a(lib_a-memset.o)
                0x0000000008001f6c                memset
 *(.glue_7)
 .glue_7        0x0000000008001f7c        0x0 linker stubs
 *(.glue_7t)
 .glue_7t       0x0000000008001f7c        0x0 linker stubs
 *(.eh_frame)
 .eh_frame      0x0000000008001f7c        0x0 /usr/local/Cellar/gcc-arm-none-eabi/20200630/bin/../lib/gcc/arm-none-eabi/9.3.1/thumb/v7e-m/nofp/crtbegin.o
 *(.init)
 .init          0x0000000008001f7c        0x4 /usr/local/Cellar/gcc-arm-none-eabi/20200630/bin/../lib/gcc/arm-none-eabi/9.3.1/thumb/v7e-m/nofp/crti.o
                0x0000000008001f7c                _init
 .init          0x0000000008001f80        0x8 /usr/local/Cellar/gcc-arm-none-eabi/20200630/bin/../lib/gcc/arm-none-eabi/9.3.1/thumb/v7e-m/nofp/crtn.o
 *(.fini)
 .fini          0x0000000008001f88        0x4 /usr/local/Cellar/gcc-arm-none-eabi/20200630/bin/../lib/gcc/arm-none-eabi/9.3.1/thumb/v7e-m/nofp/crti.o
                0x0000000008001f88                _fini
 .fini          0x0000000008001f8c        0x8 /usr/local/Cellar/gcc-arm-none-eabi/20200630/bin/../lib/gcc/arm-none-eabi/9.3.1/thumb/v7e-m/nofp/crtn.o
                0x0000000008001f98                . = ALIGN (0x8)
 *fill*         0x0000000008001f94        0x4 
                0x0000000008001f98                _etext = .

.vfp11_veneer   0x0000000008001f98        0x0
 .vfp11_veneer  0x0000000008001f98        0x0 linker stubs

.v4_bx          0x0000000008001f98        0x0
 .v4_bx         0x0000000008001f98        0x0 linker stubs

.iplt           0x0000000008001f98        0x0
 .iplt          0x0000000008001f98        0x0 /usr/local/Cellar/gcc-arm-none-eabi/20200630/bin/../lib/gcc/arm-none-eabi/9.3.1/thumb/v7e-m/nofp/crtbegin.o

.rodata         0x0000000008001f98       0xe8
                0x0000000008001f98                . = ALIGN (0x8)
 *(.rodata)
 .rodata        0x0000000008001f98       0x1c build/stm32wlxx_hal_rcc.o
 .rodata        0x0000000008001fb4        0x8 build/stm32wlxx_hal_uart_ex.o
 *(.rodata*)
 .rodata.UARTPrescTable
                0x0000000008001fbc       0x18 build/stm32wlxx_hal_uart.o
                0x0000000008001fbc                UARTPrescTable
 .rodata.UARTEx_SetNbDataToProcess.str1.4
                0x0000000008001fd4        0x9 build/stm32wlxx_hal_uart_ex.o
 *fill*         0x0000000008001fdd        0x3 
 .rodata.AHBPrescTable
                0x0000000008001fe0       0x40 build/system_stm32wlxx.o
                0x0000000008001fe0                AHBPrescTable
 .rodata.APBPrescTable
                0x0000000008002020       0x20 build/system_stm32wlxx.o
                0x0000000008002020                APBPrescTable
 .rodata.MSIRangeTable
                0x0000000008002040       0x40 build/system_stm32wlxx.o
                0x0000000008002040                MSIRangeTable
                0x0000000008002080                . = ALIGN (0x8)

.ARM.extab      0x0000000008002080        0x0
                0x0000000008002080                . = ALIGN (0x8)
 *(.ARM.extab* .gnu.linkonce.armextab.*)
                0x0000000008002080                . = ALIGN (0x8)

.ARM            0x0000000008002080        0x8
                0x0000000008002080                . = ALIGN (0x8)
                0x0000000008002080                __exidx_start = .
 *(.ARM.exidx*)
 .ARM.exidx     0x0000000008002080        0x8 /usr/local/Cellar/gcc-arm-none-eabi/20200630/bin/../lib/gcc/arm-none-eabi/9.3.1/thumb/v7e-m/nofp/libgcc.a(_udivmoddi4.o)
                0x0000000008002088                __exidx_end = .
                0x0000000008002088                . = ALIGN (0x8)

.rel.dyn        0x0000000008002088        0x0
 .rel.iplt      0x0000000008002088        0x0 /usr/local/Cellar/gcc-arm-none-eabi/20200630/bin/../lib/gcc/arm-none-eabi/9.3.1/thumb/v7e-m/nofp/crtbegin.o

.preinit_array  0x0000000008002088        0x0
                0x0000000008002088                . = ALIGN (0x8)
                0x0000000008002088                PROVIDE (__preinit_array_start = .)
 *(.preinit_array*)
                0x0000000008002088                PROVIDE (__preinit_array_end = .)
                0x0000000008002088                . = ALIGN (0x8)

.init_array     0x0000000008002088        0x8
                0x0000000008002088                . = ALIGN (0x8)
                0x0000000008002088                PROVIDE (__init_array_start = .)
 *(SORT_BY_NAME(.init_array.*))
 *(.init_array*)
 .init_array    0x0000000008002088        0x4 /usr/local/Cellar/gcc-arm-none-eabi/20200630/bin/../lib/gcc/arm-none-eabi/9.3.1/thumb/v7e-m/nofp/crtbegin.o
                0x000000000800208c                PROVIDE (__init_array_end = .)
                0x0000000008002090                . = ALIGN (0x8)
 *fill*         0x000000000800208c        0x4 

.fini_array     0x0000000008002090        0x8
                0x0000000008002090                . = ALIGN (0x8)
                [!provide]                        PROVIDE (__fini_array_start = .)
 *(SORT_BY_NAME(.fini_array.*))
 *(.fini_array*)
 .fini_array    0x0000000008002090        0x4 /usr/local/Cellar/gcc-arm-none-eabi/20200630/bin/../lib/gcc/arm-none-eabi/9.3.1/thumb/v7e-m/nofp/crtbegin.o
                [!provide]                        PROVIDE (__fini_array_end = .)
                0x0000000008002098                . = ALIGN (0x8)
 *fill*         0x0000000008002094        0x4 
                0x0000000008002098                _sidata = LOADADDR (.data)

.data           0x0000000020000000       0x10 load address 0x0000000008002098
                0x0000000020000000                . = ALIGN (0x8)
                0x0000000020000000                _sdata = .
 *(.data)
 *(.data*)
 .data.uwTickFreq
                0x0000000020000000        0x1 build/stm32wlxx_hal.o
                0x0000000020000000                uwTickFreq
 *fill*         0x0000000020000001        0x3 
 .data.uwTickPrio
                0x0000000020000004        0x4 build/stm32wlxx_hal.o
                0x0000000020000004                uwTickPrio
 .data.SystemCoreClock
                0x0000000020000008        0x4 build/system_stm32wlxx.o
                0x0000000020000008                SystemCoreClock
                0x0000000020000010                . = ALIGN (0x8)
 *fill*         0x000000002000000c        0x4 
                0x0000000020000010                _edata = .

.igot.plt       0x0000000020000010        0x0 load address 0x00000000080020a8
 .igot.plt      0x0000000020000010        0x0 /usr/local/Cellar/gcc-arm-none-eabi/20200630/bin/../lib/gcc/arm-none-eabi/9.3.1/thumb/v7e-m/nofp/crtbegin.o
                0x0000000020000010                . = ALIGN (0x8)

.bss            0x0000000020000010       0xc0 load address 0x00000000080020a8
                0x0000000020000010                _sbss = .
                0x0000000020000010                __bss_start__ = _sbss
 *(.bss)
 .bss           0x0000000020000010       0x1c /usr/local/Cellar/gcc-arm-none-eabi/20200630/bin/../lib/gcc/arm-none-eabi/9.3.1/thumb/v7e-m/nofp/crtbegin.o
 *(.bss*)
 *(COMMON)
 COMMON         0x000000002000002c       0x9c build/main.o
                0x000000002000002c                hsubghz
                0x0000000020000038                huart2
 COMMON         0x00000000200000c8        0x4 build/stm32wlxx_hal.o
                0x00000000200000c8                uwTick
                0x00000000200000d0                . = ALIGN (0x8)
 *fill*         0x00000000200000cc        0x4 
                0x00000000200000d0                _ebss = .
                0x00000000200000d0                __bss_end__ = _ebss
                0x00000000200000d0                . = ALIGN (0x8)

RAM1_region     0x00000000200000d0        0x0 load address 0x00000000080020a8
                0x00000000200000d0                _sRAM1_region = .
 *(.RAM1_region)
                0x00000000200000d0                . = ALIGN (0x8)
                0x00000000200000d0                _eRAM1_region = .
                0x00000000200000d0                . = ALIGN (0x8)

RAM2_region     0x0000000020008000        0x0
                0x0000000020008000                _sRAM2_region = .
 *(.RAM2_region)
                0x0000000020008000                . = ALIGN (0x8)
                0x0000000020008000                _eRAM2_region = .

._user_heap_stack
                0x00000000200000d0      0x600
                0x00000000200000d0                . = ALIGN (0x8)
                [!provide]                        PROVIDE (end = .)
                [!provide]                        PROVIDE (_end = .)
                0x00000000200002d0                . = (. + _Min_Heap_Size)
 *fill*         0x00000000200000d0      0x200 
                0x00000000200006d0                . = (. + _Min_Stack_Size)
 *fill*         0x00000000200002d0      0x400 
                0x00000000200006d0                . = ALIGN (0x8)

/DISCARD/
 libc.a(*)
 libm.a(*)
 libgcc.a(*)

.ARM.attributes
                0x0000000000000000       0x2a
 *(.ARM.attributes)
 .ARM.attributes
                0x0000000000000000       0x1e /usr/local/Cellar/gcc-arm-none-eabi/20200630/bin/../lib/gcc/arm-none-eabi/9.3.1/thumb/v7e-m/nofp/crti.o
 .ARM.attributes
                0x000000000000001e       0x2e /usr/local/Cellar/gcc-arm-none-eabi/20200630/bin/../lib/gcc/arm-none-eabi/9.3.1/thumb/v7e-m/nofp/crtbegin.o
 .ARM.attributes
                0x000000000000004c       0x2e build/main.o
 .ARM.attributes
                0x000000000000007a       0x2e build/stm32wlxx_it.o
 .ARM.attributes
                0x00000000000000a8       0x2e build/stm32wlxx_hal_msp.o
 .ARM.attributes
                0x00000000000000d6       0x2e build/stm32wlxx_hal_subghz.o
 .ARM.attributes
                0x0000000000000104       0x2e build/stm32wlxx_hal_rcc.o
 .ARM.attributes
                0x0000000000000132       0x2e build/stm32wlxx_hal_rcc_ex.o
 .ARM.attributes
                0x0000000000000160       0x2e build/stm32wlxx_hal_gpio.o
 .ARM.attributes
                0x000000000000018e       0x2e build/stm32wlxx_hal_pwr.o
 .ARM.attributes
                0x00000000000001bc       0x2e build/stm32wlxx_hal_pwr_ex.o
 .ARM.attributes
                0x00000000000001ea       0x2e build/stm32wlxx_hal_cortex.o
 .ARM.attributes
                0x0000000000000218       0x2e build/stm32wlxx_hal.o
 .ARM.attributes
                0x0000000000000246       0x2e build/stm32wlxx_hal_uart.o
 .ARM.attributes
                0x0000000000000274       0x2e build/stm32wlxx_hal_uart_ex.o
 .ARM.attributes
                0x00000000000002a2       0x2e build/system_stm32wlxx.o
 .ARM.attributes
                0x00000000000002d0       0x21 build/startup_stm32wle5xx.o
 .ARM.attributes
                0x00000000000002f1       0x2e /usr/local/Cellar/gcc-arm-none-eabi/20200630/bin/../lib/gcc/arm-none-eabi/9.3.1/../../../../arm-none-eabi/lib/thumb/v7e-m/nofp/libc_nano.a(lib_a-init.o)
 .ARM.attributes
                0x000000000000031f       0x2e /usr/local/Cellar/gcc-arm-none-eabi/20200630/bin/../lib/gcc/arm-none-eabi/9.3.1/../../../../arm-none-eabi/lib/thumb/v7e-m/nofp/libc_nano.a(lib_a-memset.o)
 .ARM.attributes
                0x000000000000034d       0x1e /usr/local/Cellar/gcc-arm-none-eabi/20200630/bin/../lib/gcc/arm-none-eabi/9.3.1/thumb/v7e-m/nofp/libgcc.a(_aeabi_uldivmod.o)
 .ARM.attributes
                0x000000000000036b       0x2e /usr/local/Cellar/gcc-arm-none-eabi/20200630/bin/../lib/gcc/arm-none-eabi/9.3.1/thumb/v7e-m/nofp/libgcc.a(_udivmoddi4.o)
 .ARM.attributes
                0x0000000000000399       0x1e /usr/local/Cellar/gcc-arm-none-eabi/20200630/bin/../lib/gcc/arm-none-eabi/9.3.1/thumb/v7e-m/nofp/libgcc.a(_dvmd_tls.o)
 .ARM.attributes
                0x00000000000003b7       0x1e /usr/local/Cellar/gcc-arm-none-eabi/20200630/bin/../lib/gcc/arm-none-eabi/9.3.1/thumb/v7e-m/nofp/crtn.o
OUTPUT(build/lora_rtk_radio.elf elf32-littlearm)
LOAD linker stubs
LOAD /usr/local/Cellar/gcc-arm-none-eabi/20200630/bin/../lib/gcc/arm-none-eabi/9.3.1/../../../../arm-none-eabi/lib/thumb/v7e-m/nofp/libc.a
LOAD /usr/local/Cellar/gcc-arm-none-eabi/20200630/bin/../lib/gcc/arm-none-eabi/9.3.1/../../../../arm-none-eabi/lib/thumb/v7e-m/nofp/libm.a
LOAD /usr/local/Cellar/gcc-arm-none-eabi/20200630/bin/../lib/gcc/arm-none-eabi/9.3.1/thumb/v7e-m/nofp/libgcc.a

.debug_info     0x0000000000000000    0x120b1
 .debug_info    0x0000000000000000     0x1676 build/main.o
 .debug_info    0x0000000000001676      0x398 build/stm32wlxx_it.o
 .debug_info    0x0000000000001a0e     0x12e9 build/stm32wlxx_hal_msp.o
 .debug_info    0x0000000000002cf7     0x1d41 build/stm32wlxx_hal_subghz.o
 .debug_info    0x0000000000004a38     0x20eb build/stm32wlxx_hal_rcc.o
 .debug_info    0x0000000000006b23     0x2313 build/stm32wlxx_hal_rcc_ex.o
 .debug_info    0x0000000000008e36      0x8f9 build/stm32wlxx_hal_gpio.o
 .debug_info    0x000000000000972f      0xc17 build/stm32wlxx_hal_pwr.o
 .debug_info    0x000000000000a346     0x1259 build/stm32wlxx_hal_pwr_ex.o
 .debug_info    0x000000000000b59f     0x12d0 build/stm32wlxx_hal_cortex.o
 .debug_info    0x000000000000c86f     0x151b build/stm32wlxx_hal.o
 .debug_info    0x000000000000dd8a     0x2a66 build/stm32wlxx_hal_uart.o
 .debug_info    0x00000000000107f0     0x1253 build/stm32wlxx_hal_uart_ex.o
 .debug_info    0x0000000000011a43      0x64c build/system_stm32wlxx.o
 .debug_info    0x000000000001208f       0x22 build/startup_stm32wle5xx.o

.debug_abbrev   0x0000000000000000     0x2755
 .debug_abbrev  0x0000000000000000      0x2ec build/main.o
 .debug_abbrev  0x00000000000002ec      0x123 build/stm32wlxx_it.o
 .debug_abbrev  0x000000000000040f      0x2c4 build/stm32wlxx_hal_msp.o
 .debug_abbrev  0x00000000000006d3      0x351 build/stm32wlxx_hal_subghz.o
 .debug_abbrev  0x0000000000000a24      0x36d build/stm32wlxx_hal_rcc.o
 .debug_abbrev  0x0000000000000d91      0x399 build/stm32wlxx_hal_rcc_ex.o
 .debug_abbrev  0x000000000000112a      0x255 build/stm32wlxx_hal_gpio.o
 .debug_abbrev  0x000000000000137f      0x230 build/stm32wlxx_hal_pwr.o
 .debug_abbrev  0x00000000000015af      0x366 build/stm32wlxx_hal_pwr_ex.o
 .debug_abbrev  0x0000000000001915      0x392 build/stm32wlxx_hal_cortex.o
 .debug_abbrev  0x0000000000001ca7      0x355 build/stm32wlxx_hal.o
 .debug_abbrev  0x0000000000001ffc      0x32e build/stm32wlxx_hal_uart.o
 .debug_abbrev  0x000000000000232a      0x29e build/stm32wlxx_hal_uart_ex.o
 .debug_abbrev  0x00000000000025c8      0x17b build/system_stm32wlxx.o
 .debug_abbrev  0x0000000000002743       0x12 build/startup_stm32wle5xx.o

.debug_loc      0x0000000000000000     0x809c
 .debug_loc     0x0000000000000000      0x120 build/main.o
 .debug_loc     0x0000000000000120       0x20 build/stm32wlxx_it.o
 .debug_loc     0x0000000000000140      0x168 build/stm32wlxx_hal_msp.o
 .debug_loc     0x00000000000002a8      0xec1 build/stm32wlxx_hal_subghz.o
 .debug_loc     0x0000000000001169      0xc71 build/stm32wlxx_hal_rcc.o
 .debug_loc     0x0000000000001dda     0x1283 build/stm32wlxx_hal_rcc_ex.o
 .debug_loc     0x000000000000305d      0x3f3 build/stm32wlxx_hal_gpio.o
 .debug_loc     0x0000000000003450      0x281 build/stm32wlxx_hal_pwr.o
 .debug_loc     0x00000000000036d1      0x872 build/stm32wlxx_hal_pwr_ex.o
 .debug_loc     0x0000000000003f43      0x7c6 build/stm32wlxx_hal_cortex.o
 .debug_loc     0x0000000000004709      0x49f build/stm32wlxx_hal.o
 .debug_loc     0x0000000000004ba8     0x278e build/stm32wlxx_hal_uart.o
 .debug_loc     0x0000000000007336      0xc66 build/stm32wlxx_hal_uart_ex.o
 .debug_loc     0x0000000000007f9c      0x100 build/system_stm32wlxx.o

.debug_aranges  0x0000000000000000      0xa48
 .debug_aranges
                0x0000000000000000       0x48 build/main.o
 .debug_aranges
                0x0000000000000048       0x60 build/stm32wlxx_it.o
 .debug_aranges
                0x00000000000000a8       0x40 build/stm32wlxx_hal_msp.o
 .debug_aranges
                0x00000000000000e8      0x108 build/stm32wlxx_hal_subghz.o
 .debug_aranges
                0x00000000000001f0       0x98 build/stm32wlxx_hal_rcc.o
 .debug_aranges
                0x0000000000000288       0x90 build/stm32wlxx_hal_rcc_ex.o
 .debug_aranges
                0x0000000000000318       0x58 build/stm32wlxx_hal_gpio.o
 .debug_aranges
                0x0000000000000370       0x98 build/stm32wlxx_hal_pwr.o
 .debug_aranges
                0x0000000000000408      0x140 build/stm32wlxx_hal_pwr_ex.o
 .debug_aranges
                0x0000000000000548       0xa8 build/stm32wlxx_hal_cortex.o
 .debug_aranges
                0x00000000000005f0      0x120 build/stm32wlxx_hal.o
 .debug_aranges
                0x0000000000000710      0x248 build/stm32wlxx_hal_uart.o
 .debug_aranges
                0x0000000000000958       0xa0 build/stm32wlxx_hal_uart_ex.o
 .debug_aranges
                0x00000000000009f8       0x28 build/system_stm32wlxx.o
 .debug_aranges
                0x0000000000000a20       0x28 build/startup_stm32wle5xx.o

.debug_ranges   0x0000000000000000      0xa10
 .debug_ranges  0x0000000000000000       0x38 build/main.o
 .debug_ranges  0x0000000000000038       0x50 build/stm32wlxx_it.o
 .debug_ranges  0x0000000000000088       0x30 build/stm32wlxx_hal_msp.o
 .debug_ranges  0x00000000000000b8       0xf8 build/stm32wlxx_hal_subghz.o
 .debug_ranges  0x00000000000001b0       0xc0 build/stm32wlxx_hal_rcc.o
 .debug_ranges  0x0000000000000270       0x80 build/stm32wlxx_hal_rcc_ex.o
 .debug_ranges  0x00000000000002f0       0x48 build/stm32wlxx_hal_gpio.o
 .debug_ranges  0x0000000000000338       0x88 build/stm32wlxx_hal_pwr.o
 .debug_ranges  0x00000000000003c0      0x148 build/stm32wlxx_hal_pwr_ex.o
 .debug_ranges  0x0000000000000508       0xf8 build/stm32wlxx_hal_cortex.o
 .debug_ranges  0x0000000000000600      0x110 build/stm32wlxx_hal.o
 .debug_ranges  0x0000000000000710      0x238 build/stm32wlxx_hal_uart.o
 .debug_ranges  0x0000000000000948       0x90 build/stm32wlxx_hal_uart_ex.o
 .debug_ranges  0x00000000000009d8       0x18 build/system_stm32wlxx.o
 .debug_ranges  0x00000000000009f0       0x20 build/startup_stm32wle5xx.o

.debug_line     0x0000000000000000     0xab99
 .debug_line    0x0000000000000000      0x5d5 build/main.o
 .debug_line    0x00000000000005d5      0x2ec build/stm32wlxx_it.o
 .debug_line    0x00000000000008c1      0x41d build/stm32wlxx_hal_msp.o
 .debug_line    0x0000000000000cde     0x1007 build/stm32wlxx_hal_subghz.o
 .debug_line    0x0000000000001ce5     0x17f8 build/stm32wlxx_hal_rcc.o
 .debug_line    0x00000000000034dd     0x16b9 build/stm32wlxx_hal_rcc_ex.o
 .debug_line    0x0000000000004b96      0x6e2 build/stm32wlxx_hal_gpio.o
 .debug_line    0x0000000000005278      0x4f8 build/stm32wlxx_hal_pwr.o
 .debug_line    0x0000000000005770      0xa2e build/stm32wlxx_hal_pwr_ex.o
 .debug_line    0x000000000000619e      0x7da build/stm32wlxx_hal_cortex.o
 .debug_line    0x0000000000006978      0x90a build/stm32wlxx_hal.o
 .debug_line    0x0000000000007282     0x2a45 build/stm32wlxx_hal_uart.o
 .debug_line    0x0000000000009cc7      0xb49 build/stm32wlxx_hal_uart_ex.o
 .debug_line    0x000000000000a810      0x312 build/system_stm32wlxx.o
 .debug_line    0x000000000000ab22       0x77 build/startup_stm32wle5xx.o

.debug_str      0x0000000000000000     0x486b
 .debug_str     0x0000000000000000      0xcd2 build/main.o
                                        0xd88 (size before relaxing)
 .debug_str     0x0000000000000cd2       0xb4 build/stm32wlxx_it.o
                                        0x3b5 (size before relaxing)
 .debug_str     0x0000000000000d86      0x24e build/stm32wlxx_hal_msp.o
                                        0xd1b (size before relaxing)
 .debug_str     0x0000000000000fd4      0x811 build/stm32wlxx_hal_subghz.o
                                        0xdfa (size before relaxing)
 .debug_str     0x00000000000017e5      0x773 build/stm32wlxx_hal_rcc.o
                                        0xeab (size before relaxing)
 .debug_str     0x0000000000001f58      0x532 build/stm32wlxx_hal_rcc_ex.o
                                        0xe4f (size before relaxing)
 .debug_str     0x000000000000248a      0x13c build/stm32wlxx_hal_gpio.o
                                        0x581 (size before relaxing)
 .debug_str     0x00000000000025c6      0x325 build/stm32wlxx_hal_pwr.o
                                        0x787 (size before relaxing)
 .debug_str     0x00000000000028eb      0x5c1 build/stm32wlxx_hal_pwr_ex.o
                                        0xb75 (size before relaxing)
 .debug_str     0x0000000000002eac      0x85b build/stm32wlxx_hal_cortex.o
                                        0xc4e (size before relaxing)
 .debug_str     0x0000000000003707      0x62a build/stm32wlxx_hal.o
                                        0xfaf (size before relaxing)
 .debug_str     0x0000000000003d31      0x893 build/stm32wlxx_hal_uart.o
                                       0x1317 (size before relaxing)
 .debug_str     0x00000000000045c4      0x22c build/stm32wlxx_hal_uart_ex.o
                                        0xbfe (size before relaxing)
 .debug_str     0x00000000000047f0       0x57 build/system_stm32wlxx.o
                                        0x4b6 (size before relaxing)
 .debug_str     0x0000000000004847       0x24 build/startup_stm32wle5xx.o
                                         0x50 (size before relaxing)

.comment        0x0000000000000000       0x4c
 .comment       0x0000000000000000       0x4c build/main.o
                                         0x4d (size before relaxing)
 .comment       0x000000000000004c       0x4d build/stm32wlxx_it.o
 .comment       0x000000000000004c       0x4d build/stm32wlxx_hal_msp.o
 .comment       0x000000000000004c       0x4d build/stm32wlxx_hal_subghz.o
 .comment       0x000000000000004c       0x4d build/stm32wlxx_hal_rcc.o
 .comment       0x000000000000004c       0x4d build/stm32wlxx_hal_rcc_ex.o
 .comment       0x000000000000004c       0x4d build/stm32wlxx_hal_gpio.o
 .comment       0x000000000000004c       0x4d build/stm32wlxx_hal_pwr.o
 .comment       0x000000000000004c       0x4d build/stm32wlxx_hal_pwr_ex.o
 .comment       0x000000000000004c       0x4d build/stm32wlxx_hal_cortex.o
 .comment       0x000000000000004c       0x4d build/stm32wlxx_hal.o
 .comment       0x000000000000004c       0x4d build/stm32wlxx_hal_uart.o
 .comment       0x000000000000004c       0x4d build/stm32wlxx_hal_uart_ex.o
 .comment       0x000000000000004c       0x4d build/system_stm32wlxx.o

.debug_frame    0x0000000000000000     0x18ac
 .debug_frame   0x0000000000000000       0xb0 build/main.o
 .debug_frame   0x00000000000000b0       0xa8 build/stm32wlxx_it.o
 .debug_frame   0x0000000000000158       0x80 build/stm32wlxx_hal_msp.o
 .debug_frame   0x00000000000001d8      0x2cc build/stm32wlxx_hal_subghz.o
 .debug_frame   0x00000000000004a4      0x1c0 build/stm32wlxx_hal_rcc.o
 .debug_frame   0x0000000000000664      0x134 build/stm32wlxx_hal_rcc_ex.o
 .debug_frame   0x0000000000000798       0xcc build/stm32wlxx_hal_gpio.o
 .debug_frame   0x0000000000000864      0x120 build/stm32wlxx_hal_pwr.o
 .debug_frame   0x0000000000000984      0x268 build/stm32wlxx_hal_pwr_ex.o
 .debug_frame   0x0000000000000bec      0x15c build/stm32wlxx_hal_cortex.o
 .debug_frame   0x0000000000000d48      0x25c build/stm32wlxx_hal.o
 .debug_frame   0x0000000000000fa4      0x664 build/stm32wlxx_hal_uart.o
 .debug_frame   0x0000000000001608      0x1c8 build/stm32wlxx_hal_uart_ex.o
 .debug_frame   0x00000000000017d0       0x30 build/system_stm32wlxx.o
 .debug_frame   0x0000000000001800       0x2c /usr/local/Cellar/gcc-arm-none-eabi/20200630/bin/../lib/gcc/arm-none-eabi/9.3.1/../../../../arm-none-eabi/lib/thumb/v7e-m/nofp/libc_nano.a(lib_a-init.o)
 .debug_frame   0x000000000000182c       0x20 /usr/local/Cellar/gcc-arm-none-eabi/20200630/bin/../lib/gcc/arm-none-eabi/9.3.1/../../../../arm-none-eabi/lib/thumb/v7e-m/nofp/libc_nano.a(lib_a-memset.o)
 .debug_frame   0x000000000000184c       0x2c /usr/local/Cellar/gcc-arm-none-eabi/20200630/bin/../lib/gcc/arm-none-eabi/9.3.1/thumb/v7e-m/nofp/libgcc.a(_aeabi_uldivmod.o)
 .debug_frame   0x0000000000001878       0x34 /usr/local/Cellar/gcc-arm-none-eabi/20200630/bin/../lib/gcc/arm-none-eabi/9.3.1/thumb/v7e-m/nofp/libgcc.a(_udivmoddi4.o)

Cross Reference Table

Symbol                                            File
ADC_IRQHandler                                    build/startup_stm32wle5xx.o
AES_IRQHandler                                    build/startup_stm32wle5xx.o
AHBPrescTable                                     build/system_stm32wlxx.o
                                                  build/stm32wlxx_hal_rcc_ex.o
                                                  build/stm32wlxx_hal_rcc.o
APBPrescTable                                     build/system_stm32wlxx.o
                                                  build/stm32wlxx_hal_rcc_ex.o
                                                  build/stm32wlxx_hal_rcc.o
BusFault_Handler                                  build/stm32wlxx_it.o
COMP_IRQHandler                                   build/startup_stm32wle5xx.o
DAC_IRQHandler                                    build/startup_stm32wle5xx.o
DMA1_Channel1_IRQHandler                          build/startup_stm32wle5xx.o
DMA1_Channel2_IRQHandler                          build/startup_stm32wle5xx.o
DMA1_Channel3_IRQHandler                          build/startup_stm32wle5xx.o
DMA1_Channel4_IRQHandler                          build/startup_stm32wle5xx.o
DMA1_Channel5_IRQHandler                          build/startup_stm32wle5xx.o
DMA1_Channel6_IRQHandler                          build/startup_stm32wle5xx.o
DMA1_Channel7_IRQHandler                          build/startup_stm32wle5xx.o
DMA2_Channel1_IRQHandler                          build/startup_stm32wle5xx.o
DMA2_Channel2_IRQHandler                          build/startup_stm32wle5xx.o
DMA2_Channel3_IRQHandler                          build/startup_stm32wle5xx.o
DMA2_Channel4_IRQHandler                          build/startup_stm32wle5xx.o
DMA2_Channel5_IRQHandler                          build/startup_stm32wle5xx.o
DMA2_Channel6_IRQHandler                          build/startup_stm32wle5xx.o
DMA2_Channel7_IRQHandler                          build/startup_stm32wle5xx.o
DMAMUX1_OVR_IRQHandler                            build/startup_stm32wle5xx.o
DebugMon_Handler                                  build/stm32wlxx_it.o
Default_Handler                                   build/startup_stm32wle5xx.o
EXTI0_IRQHandler                                  build/startup_stm32wle5xx.o
EXTI15_10_IRQHandler                              build/startup_stm32wle5xx.o
EXTI1_IRQHandler                                  build/startup_stm32wle5xx.o
EXTI2_IRQHandler                                  build/startup_stm32wle5xx.o
EXTI3_IRQHandler                                  build/startup_stm32wle5xx.o
EXTI4_IRQHandler                                  build/startup_stm32wle5xx.o
EXTI9_5_IRQHandler                                build/startup_stm32wle5xx.o
Error_Handler                                     build/main.o
                                                  build/stm32wlxx_hal_msp.o
FLASH_IRQHandler                                  build/startup_stm32wle5xx.o
FLASH_PageErase                                   build/stm32wlxx_hal_flash_ex.o
                                                  build/stm32wlxx_hal_flash.o
FLASH_WaitForLastOperation                        build/stm32wlxx_hal_flash.o
                                                  build/stm32wlxx_hal_flash_ex.o
HAL_DBGMCU_DisableDBGSleepMode                    build/stm32wlxx_hal.o
HAL_DBGMCU_DisableDBGStandbyMode                  build/stm32wlxx_hal.o
HAL_DBGMCU_DisableDBGStopMode                     build/stm32wlxx_hal.o
HAL_DBGMCU_EnableDBGSleepMode                     build/stm32wlxx_hal.o
HAL_DBGMCU_EnableDBGStandbyMode                   build/stm32wlxx_hal.o
HAL_DBGMCU_EnableDBGStopMode                      build/stm32wlxx_hal.o
HAL_DMAEx_ConfigMuxRequestGenerator               build/stm32wlxx_hal_dma_ex.o
HAL_DMAEx_ConfigMuxSync                           build/stm32wlxx_hal_dma_ex.o
HAL_DMAEx_DisableMuxRequestGenerator              build/stm32wlxx_hal_dma_ex.o
HAL_DMAEx_EnableMuxRequestGenerator               build/stm32wlxx_hal_dma_ex.o
HAL_DMAEx_MUX_IRQHandler                          build/stm32wlxx_hal_dma_ex.o
HAL_DMA_Abort                                     build/stm32wlxx_hal_dma.o
                                                  build/stm32wlxx_hal_uart.o
HAL_DMA_Abort_IT                                  build/stm32wlxx_hal_dma.o
                                                  build/stm32wlxx_hal_uart.o
HAL_DMA_DeInit                                    build/stm32wlxx_hal_dma.o
HAL_DMA_GetError                                  build/stm32wlxx_hal_dma.o
                                                  build/stm32wlxx_hal_uart.o
HAL_DMA_GetState                                  build/stm32wlxx_hal_dma.o
HAL_DMA_IRQHandler                                build/stm32wlxx_hal_dma.o
HAL_DMA_Init                                      build/stm32wlxx_hal_dma.o
HAL_DMA_PollForTransfer                           build/stm32wlxx_hal_dma.o
HAL_DMA_RegisterCallback                          build/stm32wlxx_hal_dma.o
HAL_DMA_Start                                     build/stm32wlxx_hal_dma.o
HAL_DMA_Start_IT                                  build/stm32wlxx_hal_dma.o
                                                  build/stm32wlxx_hal_uart.o
HAL_DMA_UnRegisterCallback                        build/stm32wlxx_hal_dma.o
HAL_DeInit                                        build/stm32wlxx_hal.o
HAL_Delay                                         build/stm32wlxx_hal.o
                                                  build/stm32wlxx_hal_subghz.o
HAL_EXTI_ClearConfigLine                          build/stm32wlxx_hal_exti.o
HAL_EXTI_ClearPending                             build/stm32wlxx_hal_exti.o
HAL_EXTI_GenerateSWI                              build/stm32wlxx_hal_exti.o
HAL_EXTI_GetConfigLine                            build/stm32wlxx_hal_exti.o
HAL_EXTI_GetHandle                                build/stm32wlxx_hal_exti.o
HAL_EXTI_GetPending                               build/stm32wlxx_hal_exti.o
HAL_EXTI_IRQHandler                               build/stm32wlxx_hal_exti.o
HAL_EXTI_RegisterCallback                         build/stm32wlxx_hal_exti.o
HAL_EXTI_SetConfigLine                            build/stm32wlxx_hal_exti.o
HAL_FLASHEx_AllowOperation                        build/stm32wlxx_hal_flash_ex.o
HAL_FLASHEx_Erase                                 build/stm32wlxx_hal_flash_ex.o
HAL_FLASHEx_Erase_IT                              build/stm32wlxx_hal_flash_ex.o
HAL_FLASHEx_FlashEmptyCheck                       build/stm32wlxx_hal_flash_ex.o
HAL_FLASHEx_ForceFlashEmpty                       build/stm32wlxx_hal_flash_ex.o
HAL_FLASHEx_IsOperationSuspended                  build/stm32wlxx_hal_flash_ex.o
HAL_FLASHEx_OBGetConfig                           build/stm32wlxx_hal_flash_ex.o
HAL_FLASHEx_OBProgram                             build/stm32wlxx_hal_flash_ex.o
HAL_FLASHEx_SuspendOperation                      build/stm32wlxx_hal_flash_ex.o
HAL_FLASH_EndOfOperationCallback                  build/stm32wlxx_hal_flash.o
HAL_FLASH_GetError                                build/stm32wlxx_hal_flash.o
HAL_FLASH_IRQHandler                              build/stm32wlxx_hal_flash.o
HAL_FLASH_Lock                                    build/stm32wlxx_hal_flash.o
HAL_FLASH_OB_Launch                               build/stm32wlxx_hal_flash.o
HAL_FLASH_OB_Lock                                 build/stm32wlxx_hal_flash.o
HAL_FLASH_OB_Unlock                               build/stm32wlxx_hal_flash.o
HAL_FLASH_OperationErrorCallback                  build/stm32wlxx_hal_flash.o
HAL_FLASH_Program                                 build/stm32wlxx_hal_flash.o
HAL_FLASH_Program_IT                              build/stm32wlxx_hal_flash.o
HAL_FLASH_Unlock                                  build/stm32wlxx_hal_flash.o
HAL_GPIO_DeInit                                   build/stm32wlxx_hal_gpio.o
                                                  build/stm32wlxx_hal_msp.o
HAL_GPIO_EXTI_Callback                            build/stm32wlxx_hal_gpio.o
HAL_GPIO_EXTI_IRQHandler                          build/stm32wlxx_hal_gpio.o
HAL_GPIO_Init                                     build/stm32wlxx_hal_gpio.o
                                                  build/stm32wlxx_hal_rcc_ex.o
                                                  build/stm32wlxx_hal_rcc.o
                                                  build/stm32wlxx_hal_msp.o
                                                  build/main.o
HAL_GPIO_LockPin                                  build/stm32wlxx_hal_gpio.o
HAL_GPIO_ReadPin                                  build/stm32wlxx_hal_gpio.o
HAL_GPIO_TogglePin                                build/stm32wlxx_hal_gpio.o
HAL_GPIO_WritePin                                 build/stm32wlxx_hal_gpio.o
HAL_GetDEVID                                      build/stm32wlxx_hal.o
HAL_GetHalVersion                                 build/stm32wlxx_hal.o
HAL_GetREVID                                      build/stm32wlxx_hal.o
HAL_GetTick                                       build/stm32wlxx_hal.o
                                                  build/stm32wlxx_hal_uart_ex.o
                                                  build/stm32wlxx_hal_uart.o
                                                  build/stm32wlxx_hal_dma.o
                                                  build/stm32wlxx_hal_flash.o
                                                  build/stm32wlxx_hal_rcc_ex.o
                                                  build/stm32wlxx_hal_rcc.o
HAL_GetTickFreq                                   build/stm32wlxx_hal.o
HAL_GetTickPrio                                   build/stm32wlxx_hal.o
HAL_GetUIDw0                                      build/stm32wlxx_hal.o
HAL_GetUIDw1                                      build/stm32wlxx_hal.o
HAL_GetUIDw2                                      build/stm32wlxx_hal.o
HAL_HalfDuplex_EnableReceiver                     build/stm32wlxx_hal_uart.o
HAL_HalfDuplex_EnableTransmitter                  build/stm32wlxx_hal_uart.o
HAL_HalfDuplex_Init                               build/stm32wlxx_hal_uart.o
HAL_IncTick                                       build/stm32wlxx_hal.o
                                                  build/stm32wlxx_it.o
HAL_Init                                          build/stm32wlxx_hal.o
                                                  build/main.o
HAL_InitTick                                      build/stm32wlxx_hal.o
                                                  build/stm32wlxx_hal_rcc.o
HAL_LIN_Init                                      build/stm32wlxx_hal_uart.o
HAL_LIN_SendBreak                                 build/stm32wlxx_hal_uart.o
HAL_MPU_ConfigRegion                              build/stm32wlxx_hal_cortex.o
HAL_MPU_Disable                                   build/stm32wlxx_hal_cortex.o
HAL_MPU_Enable                                    build/stm32wlxx_hal_cortex.o
HAL_MspDeInit                                     build/stm32wlxx_hal.o
HAL_MspInit                                       build/stm32wlxx_hal_msp.o
HAL_MultiProcessorEx_AddressLength_Set            build/stm32wlxx_hal_uart_ex.o
HAL_MultiProcessor_DisableMuteMode                build/stm32wlxx_hal_uart.o
HAL_MultiProcessor_EnableMuteMode                 build/stm32wlxx_hal_uart.o
HAL_MultiProcessor_EnterMuteMode                  build/stm32wlxx_hal_uart.o
HAL_MultiProcessor_Init                           build/stm32wlxx_hal_uart.o
HAL_NVIC_ClearPendingIRQ                          build/stm32wlxx_hal_cortex.o
HAL_NVIC_DisableIRQ                               build/stm32wlxx_hal_cortex.o
HAL_NVIC_EnableIRQ                                build/stm32wlxx_hal_cortex.o
HAL_NVIC_GetActive                                build/stm32wlxx_hal_cortex.o
HAL_NVIC_GetPendingIRQ                            build/stm32wlxx_hal_cortex.o
HAL_NVIC_GetPriority                              build/stm32wlxx_hal_cortex.o
HAL_NVIC_GetPriorityGrouping                      build/stm32wlxx_hal_cortex.o
HAL_NVIC_SetPendingIRQ                            build/stm32wlxx_hal_cortex.o
HAL_NVIC_SetPriority                              build/stm32wlxx_hal_cortex.o
                                                  build/stm32wlxx_hal.o
HAL_NVIC_SetPriorityGrouping                      build/stm32wlxx_hal_cortex.o
                                                  build/stm32wlxx_hal.o
HAL_NVIC_SystemReset                              build/stm32wlxx_hal_cortex.o
HAL_PWREx_ConfigPVM                               build/stm32wlxx_hal_pwr_ex.o
HAL_PWREx_ControlVoltageScaling                   build/stm32wlxx_hal_pwr_ex.o
HAL_PWREx_DisableBORPVD_ULP                       build/stm32wlxx_hal_pwr_ex.o
HAL_PWREx_DisableBatteryCharging                  build/stm32wlxx_hal_pwr_ex.o
HAL_PWREx_DisableFlashPowerDown                   build/stm32wlxx_hal_pwr_ex.o
HAL_PWREx_DisableGPIOPullDown                     build/stm32wlxx_hal_pwr_ex.o
HAL_PWREx_DisableGPIOPullUp                       build/stm32wlxx_hal_pwr_ex.o
HAL_PWREx_DisableInternalWakeUpLine               build/stm32wlxx_hal_pwr_ex.o
HAL_PWREx_DisableLowPowerRunMode                  build/stm32wlxx_hal_pwr_ex.o
                                                  build/stm32wlxx_hal_pwr.o
HAL_PWREx_DisablePVM3                             build/stm32wlxx_hal_pwr_ex.o
HAL_PWREx_DisablePullUpPullDownConfig             build/stm32wlxx_hal_pwr_ex.o
HAL_PWREx_DisableSRAMRetention                    build/stm32wlxx_hal_pwr_ex.o
HAL_PWREx_DisableWPVD                             build/stm32wlxx_hal_pwr_ex.o
HAL_PWREx_EnableBORPVD_ULP                        build/stm32wlxx_hal_pwr_ex.o
HAL_PWREx_EnableBatteryCharging                   build/stm32wlxx_hal_pwr_ex.o
HAL_PWREx_EnableFlashPowerDown                    build/stm32wlxx_hal_pwr_ex.o
HAL_PWREx_EnableGPIOPullDown                      build/stm32wlxx_hal_pwr_ex.o
HAL_PWREx_EnableGPIOPullUp                        build/stm32wlxx_hal_pwr_ex.o
HAL_PWREx_EnableInternalWakeUpLine                build/stm32wlxx_hal_pwr_ex.o
HAL_PWREx_EnableLowPowerRunMode                   build/stm32wlxx_hal_pwr_ex.o
                                                  build/stm32wlxx_hal_pwr.o
HAL_PWREx_EnablePVM3                              build/stm32wlxx_hal_pwr_ex.o
HAL_PWREx_EnablePullUpPullDownConfig              build/stm32wlxx_hal_pwr_ex.o
HAL_PWREx_EnableSRAMRetention                     build/stm32wlxx_hal_pwr_ex.o
HAL_PWREx_EnableWPVD                              build/stm32wlxx_hal_pwr_ex.o
HAL_PWREx_EnterSHUTDOWNMode                       build/stm32wlxx_hal_pwr_ex.o
HAL_PWREx_EnterSTOP0Mode                          build/stm32wlxx_hal_pwr_ex.o
                                                  build/stm32wlxx_hal_pwr.o
HAL_PWREx_EnterSTOP1Mode                          build/stm32wlxx_hal_pwr_ex.o
                                                  build/stm32wlxx_hal_pwr.o
HAL_PWREx_EnterSTOP2Mode                          build/stm32wlxx_hal_pwr_ex.o
HAL_PWREx_GetVoltageRange                         build/stm32wlxx_hal_pwr_ex.o
                                                  build/stm32wlxx_hal_rcc.o
HAL_PWREx_PVD_PVM_IRQHandler                      build/stm32wlxx_hal_pwr_ex.o
HAL_PWREx_PVM3Callback                            build/stm32wlxx_hal_pwr_ex.o
HAL_PWREx_SMPS_GetEffectiveMode                   build/stm32wlxx_hal_pwr_ex.o
HAL_PWREx_SMPS_SetMode                            build/stm32wlxx_hal_pwr_ex.o
HAL_PWREx_SetRadioBusyPolarity                    build/stm32wlxx_hal_pwr_ex.o
HAL_PWREx_SetRadioBusyTrigger                     build/stm32wlxx_hal_pwr_ex.o
HAL_PWREx_SetRadioEOL                             build/stm32wlxx_hal_pwr_ex.o
HAL_PWREx_SetRadioIRQTrigger                      build/stm32wlxx_hal_pwr_ex.o
HAL_PWR_ConfigPVD                                 build/stm32wlxx_hal_pwr.o
HAL_PWR_DeInit                                    build/stm32wlxx_hal_pwr.o
HAL_PWR_DisableBkUpAccess                         build/stm32wlxx_hal_pwr.o
                                                  build/stm32wlxx_hal_rcc_ex.o
HAL_PWR_DisablePVD                                build/stm32wlxx_hal_pwr.o
HAL_PWR_DisableSEVOnPend                          build/stm32wlxx_hal_pwr.o
HAL_PWR_DisableSleepOnExit                        build/stm32wlxx_hal_pwr.o
HAL_PWR_DisableWakeUpPin                          build/stm32wlxx_hal_pwr.o
HAL_PWR_EnableBkUpAccess                          build/stm32wlxx_hal_pwr.o
                                                  build/stm32wlxx_hal_rcc_ex.o
                                                  build/stm32wlxx_hal_rcc.o
HAL_PWR_EnablePVD                                 build/stm32wlxx_hal_pwr.o
HAL_PWR_EnableSEVOnPend                           build/stm32wlxx_hal_pwr.o
HAL_PWR_EnableSleepOnExit                         build/stm32wlxx_hal_pwr.o
HAL_PWR_EnableWakeUpPin                           build/stm32wlxx_hal_pwr.o
HAL_PWR_EnterSLEEPMode                            build/stm32wlxx_hal_pwr.o
HAL_PWR_EnterSTANDBYMode                          build/stm32wlxx_hal_pwr.o
HAL_PWR_EnterSTOPMode                             build/stm32wlxx_hal_pwr.o
HAL_PWR_PVDCallback                               build/stm32wlxx_hal_pwr.o
                                                  build/stm32wlxx_hal_pwr_ex.o
HAL_RCCEx_DisableLSCO                             build/stm32wlxx_hal_rcc_ex.o
HAL_RCCEx_DisableLSECSS                           build/stm32wlxx_hal_rcc_ex.o
HAL_RCCEx_DisableMSIPLLMode                       build/stm32wlxx_hal_rcc_ex.o
HAL_RCCEx_EnableLSCO                              build/stm32wlxx_hal_rcc_ex.o
HAL_RCCEx_EnableLSECSS                            build/stm32wlxx_hal_rcc_ex.o
HAL_RCCEx_EnableLSECSS_IT                         build/stm32wlxx_hal_rcc_ex.o
HAL_RCCEx_EnableMSIPLLMode                        build/stm32wlxx_hal_rcc_ex.o
HAL_RCCEx_GetPeriphCLKConfig                      build/stm32wlxx_hal_rcc_ex.o
HAL_RCCEx_GetPeriphCLKFreq                        build/stm32wlxx_hal_rcc_ex.o
HAL_RCCEx_LSECSS_Callback                         build/stm32wlxx_hal_rcc_ex.o
HAL_RCCEx_LSECSS_IRQHandler                       build/stm32wlxx_hal_rcc_ex.o
HAL_RCCEx_PeriphCLKConfig                         build/stm32wlxx_hal_rcc_ex.o
                                                  build/stm32wlxx_hal_msp.o
HAL_RCCEx_WakeUpStopCLKConfig                     build/stm32wlxx_hal_rcc_ex.o
HAL_RCC_CSSCallback                               build/stm32wlxx_hal_rcc.o
HAL_RCC_ClockConfig                               build/stm32wlxx_hal_rcc.o
                                                  build/main.o
HAL_RCC_DeInit                                    build/stm32wlxx_hal_rcc.o
HAL_RCC_EnableCSS                                 build/stm32wlxx_hal_rcc.o
HAL_RCC_GetClockConfig                            build/stm32wlxx_hal_rcc.o
HAL_RCC_GetHCLK3Freq                              build/stm32wlxx_hal_rcc.o
HAL_RCC_GetHCLKFreq                               build/stm32wlxx_hal_rcc.o
                                                  build/stm32wlxx_hal.o
HAL_RCC_GetOscConfig                              build/stm32wlxx_hal_rcc.o
HAL_RCC_GetPCLK1Freq                              build/stm32wlxx_hal_rcc.o
                                                  build/stm32wlxx_hal_uart.o
HAL_RCC_GetPCLK2Freq                              build/stm32wlxx_hal_rcc.o
                                                  build/stm32wlxx_hal_uart.o
HAL_RCC_GetSysClockFreq                           build/stm32wlxx_hal_rcc.o
                                                  build/stm32wlxx_hal_uart.o
                                                  build/stm32wlxx_hal_rcc_ex.o
HAL_RCC_MCOConfig                                 build/stm32wlxx_hal_rcc.o
HAL_RCC_NMI_IRQHandler                            build/stm32wlxx_hal_rcc.o
HAL_RCC_OscConfig                                 build/stm32wlxx_hal_rcc.o
                                                  build/main.o
HAL_RS485Ex_Init                                  build/stm32wlxx_hal_uart_ex.o
HAL_ResumeTick                                    build/stm32wlxx_hal.o
HAL_SUBGHZ_CADStatusCallback                      build/stm32wlxx_hal_subghz.o
HAL_SUBGHZ_CRCErrorCallback                       build/stm32wlxx_hal_subghz.o
HAL_SUBGHZ_DeInit                                 build/stm32wlxx_hal_subghz.o
HAL_SUBGHZ_ExecGetCmd                             build/stm32wlxx_hal_subghz.o
HAL_SUBGHZ_ExecSetCmd                             build/stm32wlxx_hal_subghz.o
HAL_SUBGHZ_GetError                               build/stm32wlxx_hal_subghz.o
HAL_SUBGHZ_GetState                               build/stm32wlxx_hal_subghz.o
HAL_SUBGHZ_HeaderErrorCallback                    build/stm32wlxx_hal_subghz.o
HAL_SUBGHZ_HeaderValidCallback                    build/stm32wlxx_hal_subghz.o
HAL_SUBGHZ_IRQHandler                             build/stm32wlxx_hal_subghz.o
HAL_SUBGHZ_Init                                   build/stm32wlxx_hal_subghz.o
                                                  build/main.o
HAL_SUBGHZ_MspDeInit                              build/stm32wlxx_hal_msp.o
HAL_SUBGHZ_MspInit                                build/stm32wlxx_hal_msp.o
HAL_SUBGHZ_PreambleDetectedCallback               build/stm32wlxx_hal_subghz.o
HAL_SUBGHZ_ReadBuffer                             build/stm32wlxx_hal_subghz.o
HAL_SUBGHZ_ReadRegister                           build/stm32wlxx_hal_subghz.o
HAL_SUBGHZ_ReadRegisters                          build/stm32wlxx_hal_subghz.o
HAL_SUBGHZ_RxCpltCallback                         build/stm32wlxx_hal_subghz.o
HAL_SUBGHZ_RxTxTimeoutCallback                    build/stm32wlxx_hal_subghz.o
HAL_SUBGHZ_SyncWordValidCallback                  build/stm32wlxx_hal_subghz.o
HAL_SUBGHZ_TxCpltCallback                         build/stm32wlxx_hal_subghz.o
HAL_SUBGHZ_WriteBuffer                            build/stm32wlxx_hal_subghz.o
HAL_SUBGHZ_WriteRegister                          build/stm32wlxx_hal_subghz.o
HAL_SUBGHZ_WriteRegisters                         build/stm32wlxx_hal_subghz.o
HAL_SYSCFG_DisableIOAnalogSwitchBooster           build/stm32wlxx_hal.o
HAL_SYSCFG_DisableVREFBUF                         build/stm32wlxx_hal.o
HAL_SYSCFG_EnableIOAnalogSwitchBooster            build/stm32wlxx_hal.o
HAL_SYSCFG_EnableVREFBUF                          build/stm32wlxx_hal.o
HAL_SYSCFG_SRAM2Erase                             build/stm32wlxx_hal.o
HAL_SYSCFG_VREFBUF_HighImpedanceConfig            build/stm32wlxx_hal.o
HAL_SYSCFG_VREFBUF_TrimmingConfig                 build/stm32wlxx_hal.o
HAL_SYSCFG_VREFBUF_VoltageScalingConfig           build/stm32wlxx_hal.o
HAL_SYSTICK_CLKSourceConfig                       build/stm32wlxx_hal_cortex.o
HAL_SYSTICK_Callback                              build/stm32wlxx_hal_cortex.o
HAL_SYSTICK_Config                                build/stm32wlxx_hal_cortex.o
                                                  build/stm32wlxx_hal.o
HAL_SYSTICK_IRQHandler                            build/stm32wlxx_hal_cortex.o
HAL_SetTickFreq                                   build/stm32wlxx_hal.o
HAL_SuspendTick                                   build/stm32wlxx_hal.o
HAL_UARTEx_DisableFifoMode                        build/stm32wlxx_hal_uart_ex.o
                                                  build/main.o
HAL_UARTEx_DisableStopMode                        build/stm32wlxx_hal_uart_ex.o
HAL_UARTEx_EnableFifoMode                         build/stm32wlxx_hal_uart_ex.o
HAL_UARTEx_EnableStopMode                         build/stm32wlxx_hal_uart_ex.o
HAL_UARTEx_ReceiveToIdle                          build/stm32wlxx_hal_uart_ex.o
HAL_UARTEx_ReceiveToIdle_DMA                      build/stm32wlxx_hal_uart_ex.o
HAL_UARTEx_ReceiveToIdle_IT                       build/stm32wlxx_hal_uart_ex.o
HAL_UARTEx_RxEventCallback                        build/stm32wlxx_hal_uart.o
HAL_UARTEx_RxFifoFullCallback                     build/stm32wlxx_hal_uart_ex.o
                                                  build/stm32wlxx_hal_uart.o
HAL_UARTEx_SetRxFifoThreshold                     build/stm32wlxx_hal_uart_ex.o
                                                  build/main.o
HAL_UARTEx_SetTxFifoThreshold                     build/stm32wlxx_hal_uart_ex.o
                                                  build/main.o
HAL_UARTEx_StopModeWakeUpSourceConfig             build/stm32wlxx_hal_uart_ex.o
HAL_UARTEx_TxFifoEmptyCallback                    build/stm32wlxx_hal_uart_ex.o
                                                  build/stm32wlxx_hal_uart.o
HAL_UARTEx_WakeupCallback                         build/stm32wlxx_hal_uart_ex.o
                                                  build/stm32wlxx_hal_uart.o
HAL_UART_Abort                                    build/stm32wlxx_hal_uart.o
HAL_UART_AbortCpltCallback                        build/stm32wlxx_hal_uart.o
HAL_UART_AbortReceive                             build/stm32wlxx_hal_uart.o
HAL_UART_AbortReceiveCpltCallback                 build/stm32wlxx_hal_uart.o
HAL_UART_AbortReceive_IT                          build/stm32wlxx_hal_uart.o
HAL_UART_AbortTransmit                            build/stm32wlxx_hal_uart.o
HAL_UART_AbortTransmitCpltCallback                build/stm32wlxx_hal_uart.o
HAL_UART_AbortTransmit_IT                         build/stm32wlxx_hal_uart.o
HAL_UART_Abort_IT                                 build/stm32wlxx_hal_uart.o
HAL_UART_DMAPause                                 build/stm32wlxx_hal_uart.o
HAL_UART_DMAResume                                build/stm32wlxx_hal_uart.o
HAL_UART_DMAStop                                  build/stm32wlxx_hal_uart.o
HAL_UART_DeInit                                   build/stm32wlxx_hal_uart.o
HAL_UART_DisableReceiverTimeout                   build/stm32wlxx_hal_uart.o
HAL_UART_EnableReceiverTimeout                    build/stm32wlxx_hal_uart.o
HAL_UART_ErrorCallback                            build/stm32wlxx_hal_uart.o
HAL_UART_GetError                                 build/stm32wlxx_hal_uart.o
HAL_UART_GetState                                 build/stm32wlxx_hal_uart.o
HAL_UART_IRQHandler                               build/stm32wlxx_hal_uart.o
HAL_UART_Init                                     build/stm32wlxx_hal_uart.o
                                                  build/main.o
HAL_UART_MspDeInit                                build/stm32wlxx_hal_msp.o
HAL_UART_MspInit                                  build/stm32wlxx_hal_msp.o
                                                  build/stm32wlxx_hal_uart_ex.o
HAL_UART_Receive                                  build/stm32wlxx_hal_uart.o
HAL_UART_Receive_DMA                              build/stm32wlxx_hal_uart.o
HAL_UART_Receive_IT                               build/stm32wlxx_hal_uart.o
HAL_UART_ReceiverTimeout_Config                   build/stm32wlxx_hal_uart.o
HAL_UART_RxCpltCallback                           build/stm32wlxx_hal_uart.o
HAL_UART_RxHalfCpltCallback                       build/stm32wlxx_hal_uart.o
HAL_UART_Transmit                                 build/stm32wlxx_hal_uart.o
HAL_UART_Transmit_DMA                             build/stm32wlxx_hal_uart.o
HAL_UART_Transmit_IT                              build/stm32wlxx_hal_uart.o
HAL_UART_TxCpltCallback                           build/stm32wlxx_hal_uart.o
HAL_UART_TxHalfCpltCallback                       build/stm32wlxx_hal_uart.o
HSEM_IRQHandler                                   build/startup_stm32wle5xx.o
HardFault_Handler                                 build/stm32wlxx_it.o
I2C1_ER_IRQHandler                                build/startup_stm32wle5xx.o
I2C1_EV_IRQHandler                                build/startup_stm32wle5xx.o
I2C2_ER_IRQHandler                                build/startup_stm32wle5xx.o
I2C2_EV_IRQHandler                                build/startup_stm32wle5xx.o
I2C3_ER_IRQHandler                                build/startup_stm32wle5xx.o
I2C3_EV_IRQHandler                                build/startup_stm32wle5xx.o
LPTIM1_IRQHandler                                 build/startup_stm32wle5xx.o
LPTIM2_IRQHandler                                 build/startup_stm32wle5xx.o
LPTIM3_IRQHandler                                 build/startup_stm32wle5xx.o
LPUART1_IRQHandler                                build/startup_stm32wle5xx.o
MSIRangeTable                                     build/system_stm32wlxx.o
                                                  build/stm32wlxx_hal_rcc_ex.o
                                                  build/stm32wlxx_hal_rcc.o
MemManage_Handler                                 build/stm32wlxx_it.o
NMI_Handler                                       build/stm32wlxx_it.o
PKA_IRQHandler                                    build/startup_stm32wle5xx.o
PVD_PVM_IRQHandler                                build/startup_stm32wle5xx.o
PendSV_Handler                                    build/stm32wlxx_it.o
RCC_IRQHandler                                    build/startup_stm32wle5xx.o
RNG_IRQHandler                                    build/startup_stm32wle5xx.o
RTC_Alarm_IRQHandler                              build/startup_stm32wle5xx.o
RTC_WKUP_IRQHandler                               build/startup_stm32wle5xx.o
Reset_Handler                                     build/startup_stm32wle5xx.o
SPI1_IRQHandler                                   build/startup_stm32wle5xx.o
SPI2_IRQHandler                                   build/startup_stm32wle5xx.o
SUBGHZSPI_DeInit                                  build/stm32wlxx_hal_subghz.o
SUBGHZSPI_IRQHandler                              build/startup_stm32wle5xx.o
SUBGHZSPI_Init                                    build/stm32wlxx_hal_subghz.o
SUBGHZSPI_Receive                                 build/stm32wlxx_hal_subghz.o
SUBGHZSPI_Transmit                                build/stm32wlxx_hal_subghz.o
SUBGHZ_CheckDeviceReady                           build/stm32wlxx_hal_subghz.o
SUBGHZ_Radio_IRQHandler                           build/startup_stm32wle5xx.o
SUBGHZ_WaitOnBusy                                 build/stm32wlxx_hal_subghz.o
SVC_Handler                                       build/stm32wlxx_it.o
SysTick_Handler                                   build/stm32wlxx_it.o
SystemClock_Config                                build/main.o
SystemCoreClock                                   build/system_stm32wlxx.o
                                                  build/stm32wlxx_hal.o
                                                  build/stm32wlxx_hal_pwr_ex.o
                                                  build/stm32wlxx_hal_rcc.o
                                                  build/stm32wlxx_hal_subghz.o
SystemCoreClockUpdate                             build/system_stm32wlxx.o
SystemInit                                        build/system_stm32wlxx.o
                                                  build/startup_stm32wle5xx.o
TAMP_STAMP_LSECSS_SSRU_IRQHandler                 build/startup_stm32wle5xx.o
TIM16_IRQHandler                                  build/startup_stm32wle5xx.o
TIM17_IRQHandler                                  build/startup_stm32wle5xx.o
TIM1_BRK_IRQHandler                               build/startup_stm32wle5xx.o
TIM1_CC_IRQHandler                                build/startup_stm32wle5xx.o
TIM1_TRG_COM_IRQHandler                           build/startup_stm32wle5xx.o
TIM1_UP_IRQHandler                                build/startup_stm32wle5xx.o
TIM2_IRQHandler                                   build/startup_stm32wle5xx.o
UARTPrescTable                                    build/stm32wlxx_hal_uart.o
UART_AdvFeatureConfig                             build/stm32wlxx_hal_uart.o
                                                  build/stm32wlxx_hal_uart_ex.o
UART_CheckIdleState                               build/stm32wlxx_hal_uart.o
                                                  build/stm32wlxx_hal_uart_ex.o
UART_SetConfig                                    build/stm32wlxx_hal_uart.o
                                                  build/stm32wlxx_hal_uart_ex.o
UART_Start_Receive_DMA                            build/stm32wlxx_hal_uart.o
                                                  build/stm32wlxx_hal_uart_ex.o
UART_Start_Receive_IT                             build/stm32wlxx_hal_uart.o
                                                  build/stm32wlxx_hal_uart_ex.o
UART_WaitOnFlagUntilTimeout                       build/stm32wlxx_hal_uart.o
                                                  build/stm32wlxx_hal_uart_ex.o
USART1_IRQHandler                                 build/startup_stm32wle5xx.o
USART2_IRQHandler                                 build/startup_stm32wle5xx.o
UsageFault_Handler                                build/stm32wlxx_it.o
WWDG_IRQHandler                                   build/startup_stm32wle5xx.o
__aeabi_idiv0                                     /usr/local/Cellar/gcc-arm-none-eabi/20200630/bin/../lib/gcc/arm-none-eabi/9.3.1/thumb/v7e-m/nofp/libgcc.a(_dvmd_tls.o)
__aeabi_ldiv0                                     /usr/local/Cellar/gcc-arm-none-eabi/20200630/bin/../lib/gcc/arm-none-eabi/9.3.1/thumb/v7e-m/nofp/libgcc.a(_dvmd_tls.o)
                                                  /usr/local/Cellar/gcc-arm-none-eabi/20200630/bin/../lib/gcc/arm-none-eabi/9.3.1/thumb/v7e-m/nofp/libgcc.a(_aeabi_uldivmod.o)
__aeabi_uldivmod                                  /usr/local/Cellar/gcc-arm-none-eabi/20200630/bin/../lib/gcc/arm-none-eabi/9.3.1/thumb/v7e-m/nofp/libgcc.a(_aeabi_uldivmod.o)
                                                  build/stm32wlxx_hal_uart.o
__bss_end__                                       /usr/local/Cellar/gcc-arm-none-eabi/20200630/bin/../lib/gcc/arm-none-eabi/9.3.1/../../../../arm-none-eabi/lib/thumb/v7e-m/nofp/crt0.o
__bss_start__                                     /usr/local/Cellar/gcc-arm-none-eabi/20200630/bin/../lib/gcc/arm-none-eabi/9.3.1/../../../../arm-none-eabi/lib/thumb/v7e-m/nofp/crt0.o
__call_exitprocs                                  /usr/local/Cellar/gcc-arm-none-eabi/20200630/bin/../lib/gcc/arm-none-eabi/9.3.1/../../../../arm-none-eabi/lib/thumb/v7e-m/nofp/libc_nano.a(lib_a-exit.o)
__deregister_frame_info                           /usr/local/Cellar/gcc-arm-none-eabi/20200630/bin/../lib/gcc/arm-none-eabi/9.3.1/thumb/v7e-m/nofp/crtbegin.o
__dso_handle                                      /usr/local/Cellar/gcc-arm-none-eabi/20200630/bin/../lib/gcc/arm-none-eabi/9.3.1/thumb/v7e-m/nofp/crtbegin.o
__init_array_end                                  /usr/local/Cellar/gcc-arm-none-eabi/20200630/bin/../lib/gcc/arm-none-eabi/9.3.1/../../../../arm-none-eabi/lib/thumb/v7e-m/nofp/libc_nano.a(lib_a-init.o)
__init_array_start                                /usr/local/Cellar/gcc-arm-none-eabi/20200630/bin/../lib/gcc/arm-none-eabi/9.3.1/../../../../arm-none-eabi/lib/thumb/v7e-m/nofp/libc_nano.a(lib_a-init.o)
__libc_fini_array                                 /usr/local/Cellar/gcc-arm-none-eabi/20200630/bin/../lib/gcc/arm-none-eabi/9.3.1/../../../../arm-none-eabi/lib/thumb/v7e-m/nofp/crt0.o
__libc_init_array                                 /usr/local/Cellar/gcc-arm-none-eabi/20200630/bin/../lib/gcc/arm-none-eabi/9.3.1/../../../../arm-none-eabi/lib/thumb/v7e-m/nofp/libc_nano.a(lib_a-init.o)
                                                  build/startup_stm32wle5xx.o
                                                  /usr/local/Cellar/gcc-arm-none-eabi/20200630/bin/../lib/gcc/arm-none-eabi/9.3.1/../../../../arm-none-eabi/lib/thumb/v7e-m/nofp/crt0.o
__preinit_array_end                               /usr/local/Cellar/gcc-arm-none-eabi/20200630/bin/../lib/gcc/arm-none-eabi/9.3.1/../../../../arm-none-eabi/lib/thumb/v7e-m/nofp/libc_nano.a(lib_a-init.o)
__preinit_array_start                             /usr/local/Cellar/gcc-arm-none-eabi/20200630/bin/../lib/gcc/arm-none-eabi/9.3.1/../../../../arm-none-eabi/lib/thumb/v7e-m/nofp/libc_nano.a(lib_a-init.o)
__register_frame_info                             /usr/local/Cellar/gcc-arm-none-eabi/20200630/bin/../lib/gcc/arm-none-eabi/9.3.1/thumb/v7e-m/nofp/crtbegin.o
__sf_fake_stderr                                  /usr/local/Cellar/gcc-arm-none-eabi/20200630/bin/../lib/gcc/arm-none-eabi/9.3.1/../../../../arm-none-eabi/lib/thumb/v7e-m/nofp/libc_nano.a(lib_a-impure.o)
__sf_fake_stdin                                   /usr/local/Cellar/gcc-arm-none-eabi/20200630/bin/../lib/gcc/arm-none-eabi/9.3.1/../../../../arm-none-eabi/lib/thumb/v7e-m/nofp/libc_nano.a(lib_a-impure.o)
__sf_fake_stdout                                  /usr/local/Cellar/gcc-arm-none-eabi/20200630/bin/../lib/gcc/arm-none-eabi/9.3.1/../../../../arm-none-eabi/lib/thumb/v7e-m/nofp/libc_nano.a(lib_a-impure.o)
__stack                                           /usr/local/Cellar/gcc-arm-none-eabi/20200630/bin/../lib/gcc/arm-none-eabi/9.3.1/../../../../arm-none-eabi/lib/thumb/v7e-m/nofp/crt0.o
__udivmoddi4                                      /usr/local/Cellar/gcc-arm-none-eabi/20200630/bin/../lib/gcc/arm-none-eabi/9.3.1/thumb/v7e-m/nofp/libgcc.a(_udivmoddi4.o)
                                                  /usr/local/Cellar/gcc-arm-none-eabi/20200630/bin/../lib/gcc/arm-none-eabi/9.3.1/thumb/v7e-m/nofp/libgcc.a(_aeabi_uldivmod.o)
_ebss                                             build/startup_stm32wle5xx.o
_edata                                            build/startup_stm32wle5xx.o
_estack                                           build/startup_stm32wle5xx.o
_exit                                             /usr/local/Cellar/gcc-arm-none-eabi/20200630/bin/../lib/gcc/arm-none-eabi/9.3.1/../../../../arm-none-eabi/lib/thumb/v7e-m/nofp/libnosys.a(_exit.o)
                                                  /usr/local/Cellar/gcc-arm-none-eabi/20200630/bin/../lib/gcc/arm-none-eabi/9.3.1/../../../../arm-none-eabi/lib/thumb/v7e-m/nofp/libc_nano.a(lib_a-exit.o)
_fini                                             /usr/local/Cellar/gcc-arm-none-eabi/20200630/bin/../lib/gcc/arm-none-eabi/9.3.1/thumb/v7e-m/nofp/crti.o
_global_impure_ptr                                /usr/local/Cellar/gcc-arm-none-eabi/20200630/bin/../lib/gcc/arm-none-eabi/9.3.1/../../../../arm-none-eabi/lib/thumb/v7e-m/nofp/libc_nano.a(lib_a-impure.o)
                                                  /usr/local/Cellar/gcc-arm-none-eabi/20200630/bin/../lib/gcc/arm-none-eabi/9.3.1/../../../../arm-none-eabi/lib/thumb/v7e-m/nofp/libc_nano.a(lib_a-exit.o)
_impure_ptr                                       /usr/local/Cellar/gcc-arm-none-eabi/20200630/bin/../lib/gcc/arm-none-eabi/9.3.1/../../../../arm-none-eabi/lib/thumb/v7e-m/nofp/libc_nano.a(lib_a-impure.o)
_init                                             /usr/local/Cellar/gcc-arm-none-eabi/20200630/bin/../lib/gcc/arm-none-eabi/9.3.1/thumb/v7e-m/nofp/crti.o
                                                  /usr/local/Cellar/gcc-arm-none-eabi/20200630/bin/../lib/gcc/arm-none-eabi/9.3.1/../../../../arm-none-eabi/lib/thumb/v7e-m/nofp/libc_nano.a(lib_a-init.o)
_mainCRTStartup                                   /usr/local/Cellar/gcc-arm-none-eabi/20200630/bin/../lib/gcc/arm-none-eabi/9.3.1/../../../../arm-none-eabi/lib/thumb/v7e-m/nofp/crt0.o
_sbss                                             build/startup_stm32wle5xx.o
_sdata                                            build/startup_stm32wle5xx.o
_sidata                                           build/startup_stm32wle5xx.o
_stack_init                                       /usr/local/Cellar/gcc-arm-none-eabi/20200630/bin/../lib/gcc/arm-none-eabi/9.3.1/../../../../arm-none-eabi/lib/thumb/v7e-m/nofp/crt0.o
_start                                            /usr/local/Cellar/gcc-arm-none-eabi/20200630/bin/../lib/gcc/arm-none-eabi/9.3.1/../../../../arm-none-eabi/lib/thumb/v7e-m/nofp/crt0.o
atexit                                            /usr/local/Cellar/gcc-arm-none-eabi/20200630/bin/../lib/gcc/arm-none-eabi/9.3.1/../../../../arm-none-eabi/lib/thumb/v7e-m/nofp/crt0.o
exit                                              /usr/local/Cellar/gcc-arm-none-eabi/20200630/bin/../lib/gcc/arm-none-eabi/9.3.1/../../../../arm-none-eabi/lib/thumb/v7e-m/nofp/libc_nano.a(lib_a-exit.o)
                                                  /usr/local/Cellar/gcc-arm-none-eabi/20200630/bin/../lib/gcc/arm-none-eabi/9.3.1/../../../../arm-none-eabi/lib/thumb/v7e-m/nofp/crt0.o
g_pfnVectors                                      build/startup_stm32wle5xx.o
hardware_init_hook                                /usr/local/Cellar/gcc-arm-none-eabi/20200630/bin/../lib/gcc/arm-none-eabi/9.3.1/../../../../arm-none-eabi/lib/thumb/v7e-m/nofp/crt0.o
hsubghz                                           build/main.o
huart2                                            build/main.o
main                                              build/main.o
                                                  build/startup_stm32wle5xx.o
                                                  /usr/local/Cellar/gcc-arm-none-eabi/20200630/bin/../lib/gcc/arm-none-eabi/9.3.1/../../../../arm-none-eabi/lib/thumb/v7e-m/nofp/crt0.o
memset                                            /usr/local/Cellar/gcc-arm-none-eabi/20200630/bin/../lib/gcc/arm-none-eabi/9.3.1/../../../../arm-none-eabi/lib/thumb/v7e-m/nofp/libc_nano.a(lib_a-memset.o)
                                                  build/stm32wlxx_hal_msp.o
                                                  build/main.o
                                                  /usr/local/Cellar/gcc-arm-none-eabi/20200630/bin/../lib/gcc/arm-none-eabi/9.3.1/../../../../arm-none-eabi/lib/thumb/v7e-m/nofp/crt0.o
pFlash                                            build/stm32wlxx_hal_flash.o
                                                  build/stm32wlxx_hal_flash_ex.o
software_init_hook                                /usr/local/Cellar/gcc-arm-none-eabi/20200630/bin/../lib/gcc/arm-none-eabi/9.3.1/../../../../arm-none-eabi/lib/thumb/v7e-m/nofp/crt0.o
uwTick                                            build/stm32wlxx_hal.o
uwTickFreq                                        build/stm32wlxx_hal.o
uwTickPrio                                        build/stm32wlxx_hal.o
                                                  build/stm32wlxx_hal_rcc.o
